// Jest Snapshot v1, https://goo.gl/fbAQLP

exports[`CartBorrow Should render correctly snapshot 1`] = `
{
  "asFragment": [Function],
  "baseElement": <body>
    <div>
      <div
        class="css-415p7i"
      >
        <div
          class="css-n736ek"
        >
          <img
            alt="Don't make me think"
            data-nimg="1"
            decoding="async"
            height="40"
            loading="lazy"
            src="/_next/image?url=%2Fimg.jpg&w=96&q=75"
            srcset="/_next/image?url=%2Fimg.jpg&w=48&q=75 1x, /_next/image?url=%2Fimg.jpg&w=96&q=75 2x"
            style="color: transparent;"
            width="40"
          />
          <p
            class="chakra-text css-0"
          >
            Don’t Make Me think
          </p>
          <div
            class="css-k008qs"
          >
            <p
              class="chakra-text css-0"
            >
              Steve Krug,
            </p>
            <p
              class="chakra-text css-0"
            >
              2000
            </p>
          </div>
          <div
            class="css-k008qs"
          >
            <p
              class="chakra-text css-0"
            >
              4.5/
            </p>
            <p
              class="chakra-text css-c5z1pm"
            >
              5
            </p>
          </div>
        </div>
        <div
          class="css-1b6n4o1"
        >
          <div
            class="css-0"
          >
            <p
              class="chakra-text css-1r2f04i"
            >
              Borrowed on
            </p>
            <p
              class="chakra-text css-0"
            >
              11 Mar 2023 09:00 AM
            </p>
          </div>
          <button
            class="chakra-button css-16ltlly"
            type="button"
          >
            Return
          </button>
        </div>
      </div>
    </div>
  </body>,
  "container": <div>
    <div
      class="css-415p7i"
    >
      <div
        class="css-n736ek"
      >
        <img
          alt="Don't make me think"
          data-nimg="1"
          decoding="async"
          height="40"
          loading="lazy"
          src="/_next/image?url=%2Fimg.jpg&w=96&q=75"
          srcset="/_next/image?url=%2Fimg.jpg&w=48&q=75 1x, /_next/image?url=%2Fimg.jpg&w=96&q=75 2x"
          style="color: transparent;"
          width="40"
        />
        <p
          class="chakra-text css-0"
        >
          Don’t Make Me think
        </p>
        <div
          class="css-k008qs"
        >
          <p
            class="chakra-text css-0"
          >
            Steve Krug,
          </p>
          <p
            class="chakra-text css-0"
          >
            2000
          </p>
        </div>
        <div
          class="css-k008qs"
        >
          <p
            class="chakra-text css-0"
          >
            4.5/
          </p>
          <p
            class="chakra-text css-c5z1pm"
          >
            5
          </p>
        </div>
      </div>
      <div
        class="css-1b6n4o1"
      >
        <div
          class="css-0"
        >
          <p
            class="chakra-text css-1r2f04i"
          >
            Borrowed on
          </p>
          <p
            class="chakra-text css-0"
          >
            11 Mar 2023 09:00 AM
          </p>
        </div>
        <button
          class="chakra-button css-16ltlly"
          type="button"
        >
          Return
        </button>
      </div>
    </div>
  </div>,
  "debug": [Function],
  "findAllByAltText": [Function],
  "findAllByDisplayValue": [Function],
  "findAllByLabelText": [Function],
  "findAllByPlaceholderText": [Function],
  "findAllByRole": [Function],
  "findAllByTestId": [Function],
  "findAllByText": [Function],
  "findAllByTitle": [Function],
  "findByAltText": [Function],
  "findByDisplayValue": [Function],
  "findByLabelText": [Function],
  "findByPlaceholderText": [Function],
  "findByRole": [Function],
  "findByTestId": [Function],
  "findByText": [Function],
  "findByTitle": [Function],
  "getAllByAltText": [Function],
  "getAllByDisplayValue": [Function],
  "getAllByLabelText": [Function],
  "getAllByPlaceholderText": [Function],
  "getAllByRole": [Function],
  "getAllByTestId": [Function],
  "getAllByText": [Function],
  "getAllByTitle": [Function],
  "getByAltText": [Function],
  "getByDisplayValue": [Function],
  "getByLabelText": [Function],
  "getByPlaceholderText": [Function],
  "getByRole": [Function],
  "getByTestId": [Function],
  "getByText": [Function],
  "getByTitle": [Function],
  "queryAllByAltText": [Function],
  "queryAllByDisplayValue": [Function],
  "queryAllByLabelText": [Function],
  "queryAllByPlaceholderText": [Function],
  "queryAllByRole": [Function],
  "queryAllByTestId": [Function],
  "queryAllByText": [Function],
  "queryAllByTitle": [Function],
  "queryByAltText": [Function],
  "queryByDisplayValue": [Function],
  "queryByLabelText": [Function],
  "queryByPlaceholderText": [Function],
  "queryByRole": [Function],
  "queryByTestId": [Function],
  "queryByText": [Function],
  "queryByTitle": [Function],
  "rerender": [Function],
  "unmount": [Function],
}
`;
