// Jest Snapshot v1, https://goo.gl/fbAQLP

exports[`Home List Should render correctly snapshot 1`] = `
<div>
  <div
    class="css-1jtg6vd"
  >
    <div
      class="css-583j2r"
    >
      <a
        href="/preview/1"
      >
        <img
          alt="Don't make me think"
          data-nimg="1"
          decoding="async"
          fetchpriority="high"
          height="172"
          src="/_next/image?url=https%3A%2F%2Fi.ibb.co%2FQbQgVtG%2Fbook1.png&w=384&q=75"
          srcset="/_next/image?url=https%3A%2F%2Fi.ibb.co%2FQbQgVtG%2Fbook1.png&w=256&q=75 1x, /_next/image?url=https%3A%2F%2Fi.ibb.co%2FQbQgVtG%2Fbook1.png&w=384&q=75 2x"
          style="color: transparent;"
          width="130"
        />
      </a>
      <p
        class="chakra-text css-0"
      >
        Don't Make Me Think
      </p>
      <div
        class="css-k008qs"
      >
        <p
          class="chakra-text css-0"
        >
          Steve Krug
          ,
        </p>
        <p
          class="chakra-text css-0"
        >
          2000
        </p>
      </div>
      <div
        class="css-k008qs"
      >
        <p
          class="chakra-text css-0"
        >
          4.5
          /
        </p>
        <p
          class="chakra-text css-c5z1pm"
        >
          5
        </p>
      </div>
      <button
        aria-label="Heart icon"
        class="chakra-button css-ujxaga"
        data-testid="update-favorite-cart"
        type="button"
      >
        <svg
          aria-hidden="true"
          class="chakra-icon css-iz364c"
          focusable="false"
          viewBox="0 0 24 24"
        >
          <path
            d="M12 21.35l-1.45-1.32C5.4 15.36 2 12.28 2 8.5 2 5.42 4.42 3 7.5 3c1.74 0 3.41.81 4.5 2.09C13.09 3.81 14.76 3 16.5 3 19.58 3 22 5.42 22 8.5c0 3.78-3.4 6.86-8.55 11.54L12 21.35z"
          />
        </svg>
      </button>
    </div>
    <div
      class="css-583j2r"
    >
      <a
        href="/preview/2"
      >
        <img
          alt="Don't make me think"
          data-nimg="1"
          decoding="async"
          fetchpriority="high"
          height="172"
          src="/_next/image?url=https%3A%2F%2Fi.ibb.co%2F9qHTtQF%2Fbook2.png&w=384&q=75"
          srcset="/_next/image?url=https%3A%2F%2Fi.ibb.co%2F9qHTtQF%2Fbook2.png&w=256&q=75 1x, /_next/image?url=https%3A%2F%2Fi.ibb.co%2F9qHTtQF%2Fbook2.png&w=384&q=75 2x"
          style="color: transparent;"
          width="130"
        />
      </a>
      <p
        class="chakra-text css-0"
      >
        Rich Dad Poor Dad
      </p>
      <div
        class="css-k008qs"
      >
        <p
          class="chakra-text css-0"
        >
          Robert T. Kiyosaki
          ,
        </p>
        <p
          class="chakra-text css-0"
        >
          1997
        </p>
      </div>
      <div
        class="css-k008qs"
      >
        <p
          class="chakra-text css-0"
        >
          4.5
          /
        </p>
        <p
          class="chakra-text css-c5z1pm"
        >
          5
        </p>
      </div>
      <button
        aria-label="Heart icon"
        class="chakra-button css-ujxaga"
        data-testid="update-favorite-cart"
        type="button"
      >
        <svg
          aria-hidden="true"
          class="chakra-icon css-iz364c"
          focusable="false"
          viewBox="0 0 24 24"
        >
          <path
            d="M12 21.35l-1.45-1.32C5.4 15.36 2 12.28 2 8.5 2 5.42 4.42 3 7.5 3c1.74 0 3.41.81 4.5 2.09C13.09 3.81 14.76 3 16.5 3 19.58 3 22 5.42 22 8.5c0 3.78-3.4 6.86-8.55 11.54L12 21.35z"
          />
        </svg>
      </button>
    </div>
    <div
      class="css-583j2r"
    >
      <a
        href="/preview/3"
      >
        <img
          alt="Don't make me think"
          data-nimg="1"
          decoding="async"
          fetchpriority="high"
          height="172"
          src="/_next/image?url=https%3A%2F%2Fi.ibb.co%2FLnSBcCM%2Fbook5.png&w=384&q=75"
          srcset="/_next/image?url=https%3A%2F%2Fi.ibb.co%2FLnSBcCM%2Fbook5.png&w=256&q=75 1x, /_next/image?url=https%3A%2F%2Fi.ibb.co%2FLnSBcCM%2Fbook5.png&w=384&q=75 2x"
          style="color: transparent;"
          width="130"
        />
      </a>
      <p
        class="chakra-text css-0"
      >
        The Design of Everyday Things
      </p>
      <div
        class="css-k008qs"
      >
        <p
          class="chakra-text css-0"
        >
          Don Norman
          ,
        </p>
        <p
          class="chakra-text css-0"
        >
          1988
        </p>
      </div>
      <div
        class="css-k008qs"
      >
        <p
          class="chakra-text css-0"
        >
          4.5
          /
        </p>
        <p
          class="chakra-text css-c5z1pm"
        >
          5
        </p>
      </div>
      <button
        aria-label="Heart icon"
        class="chakra-button css-ujxaga"
        data-testid="update-favorite-cart"
        type="button"
      >
        <svg
          aria-hidden="true"
          class="chakra-icon css-iz364c"
          focusable="false"
          viewBox="0 0 24 24"
        >
          <path
            d="M12 21.35l-1.45-1.32C5.4 15.36 2 12.28 2 8.5 2 5.42 4.42 3 7.5 3c1.74 0 3.41.81 4.5 2.09C13.09 3.81 14.76 3 16.5 3 19.58 3 22 5.42 22 8.5c0 3.78-3.4 6.86-8.55 11.54L12 21.35z"
          />
        </svg>
      </button>
    </div>
  </div>
</div>
`;
