// Jest Snapshot v1, https://goo.gl/fbAQLP

exports[`List Top Contribute Should render correctly snapshot 1`] = `
<div>
  <div
    class="css-1etivnb"
  >
    <div
      class="css-583j2r"
    >
      <a
        href="/preview/1"
      >
        <img
          alt="Don't make me think"
          data-nimg="1"
          decoding="async"
          fetchpriority="high"
          height="172"
          src="/_next/image?url=https%3A%2F%2Fi.ibb.co%2FQbQgVtG%2Fbook1.png&w=384&q=75"
          srcset="/_next/image?url=https%3A%2F%2Fi.ibb.co%2FQbQgVtG%2Fbook1.png&w=256&q=75 1x, /_next/image?url=https%3A%2F%2Fi.ibb.co%2FQbQgVtG%2Fbook1.png&w=384&q=75 2x"
          style="color: transparent;"
          width="130"
        />
      </a>
      <p
        class="chakra-text css-0"
      >
        Don't Make Me Think
      </p>
      <div
        class="css-k008qs"
      >
        <p
          class="chakra-text css-0"
        >
          Steve Krug
          ,
        </p>
        <p
          class="chakra-text css-0"
        >
          2000
        </p>
      </div>
    </div>
    <div
      class="css-583j2r"
    >
      <a
        href="/preview/2"
      >
        <img
          alt="Don't make me think"
          data-nimg="1"
          decoding="async"
          fetchpriority="high"
          height="172"
          src="/_next/image?url=https%3A%2F%2Fi.ibb.co%2F9qHTtQF%2Fbook2.png&w=384&q=75"
          srcset="/_next/image?url=https%3A%2F%2Fi.ibb.co%2F9qHTtQF%2Fbook2.png&w=256&q=75 1x, /_next/image?url=https%3A%2F%2Fi.ibb.co%2F9qHTtQF%2Fbook2.png&w=384&q=75 2x"
          style="color: transparent;"
          width="130"
        />
      </a>
      <p
        class="chakra-text css-0"
      >
        Rich Dad Poor Dad
      </p>
      <div
        class="css-k008qs"
      >
        <p
          class="chakra-text css-0"
        >
          Robert T. Kiyosaki
          ,
        </p>
        <p
          class="chakra-text css-0"
        >
          1997
        </p>
      </div>
    </div>
    <div
      class="css-583j2r"
    >
      <a
        href="/preview/3"
      >
        <img
          alt="Don't make me think"
          data-nimg="1"
          decoding="async"
          fetchpriority="high"
          height="172"
          src="/_next/image?url=https%3A%2F%2Fi.ibb.co%2FLnSBcCM%2Fbook5.png&w=384&q=75"
          srcset="/_next/image?url=https%3A%2F%2Fi.ibb.co%2FLnSBcCM%2Fbook5.png&w=256&q=75 1x, /_next/image?url=https%3A%2F%2Fi.ibb.co%2FLnSBcCM%2Fbook5.png&w=384&q=75 2x"
          style="color: transparent;"
          width="130"
        />
      </a>
      <p
        class="chakra-text css-0"
      >
        The Design of Everyday Things
      </p>
      <div
        class="css-k008qs"
      >
        <p
          class="chakra-text css-0"
        >
          Don Norman
          ,
        </p>
        <p
          class="chakra-text css-0"
        >
          1988
        </p>
      </div>
    </div>
  </div>
</div>
`;
