// Jest Snapshot v1, https://goo.gl/fbAQLP

exports[`Contribute List Page Should render correctly snapshot 1`] = `<div />`;
