// Jest Snapshot v1, https://goo.gl/fbAQLP

exports[`HeadingTable Should render correctly snapshot 1`] = `
{
  "asFragment": [Function],
  "baseElement": <body>
    <div>
      <div
        class="css-10erws7"
      >
        <p
          class="chakra-text css-1l4rx3f"
        >
          Title
        </p>
        <div
          class="css-bxl9jb"
        >
          <p
            class="chakra-text css-10rvbm3"
          >
            Ratings
          </p>
          <p
            class="chakra-text css-10rvbm3"
          >
            Category
          </p>
        </div>
        <div
          class="css-pelxgl"
        >
          <p
            class="chakra-text css-10rvbm3"
          >
            Status
          </p>
        </div>
      </div>
    </div>
  </body>,
  "container": <div>
    <div
      class="css-10erws7"
    >
      <p
        class="chakra-text css-1l4rx3f"
      >
        Title
      </p>
      <div
        class="css-bxl9jb"
      >
        <p
          class="chakra-text css-10rvbm3"
        >
          Ratings
        </p>
        <p
          class="chakra-text css-10rvbm3"
        >
          Category
        </p>
      </div>
      <div
        class="css-pelxgl"
      >
        <p
          class="chakra-text css-10rvbm3"
        >
          Status
        </p>
      </div>
    </div>
  </div>,
  "debug": [Function],
  "findAllByAltText": [Function],
  "findAllByDisplayValue": [Function],
  "findAllByLabelText": [Function],
  "findAllByPlaceholderText": [Function],
  "findAllByRole": [Function],
  "findAllByTestId": [Function],
  "findAllByText": [Function],
  "findAllByTitle": [Function],
  "findByAltText": [Function],
  "findByDisplayValue": [Function],
  "findByLabelText": [Function],
  "findByPlaceholderText": [Function],
  "findByRole": [Function],
  "findByTestId": [Function],
  "findByText": [Function],
  "findByTitle": [Function],
  "getAllByAltText": [Function],
  "getAllByDisplayValue": [Function],
  "getAllByLabelText": [Function],
  "getAllByPlaceholderText": [Function],
  "getAllByRole": [Function],
  "getAllByTestId": [Function],
  "getAllByText": [Function],
  "getAllByTitle": [Function],
  "getByAltText": [Function],
  "getByDisplayValue": [Function],
  "getByLabelText": [Function],
  "getByPlaceholderText": [Function],
  "getByRole": [Function],
  "getByTestId": [Function],
  "getByText": [Function],
  "getByTitle": [Function],
  "queryAllByAltText": [Function],
  "queryAllByDisplayValue": [Function],
  "queryAllByLabelText": [Function],
  "queryAllByPlaceholderText": [Function],
  "queryAllByRole": [Function],
  "queryAllByTestId": [Function],
  "queryAllByText": [Function],
  "queryAllByTitle": [Function],
  "queryByAltText": [Function],
  "queryByDisplayValue": [Function],
  "queryByLabelText": [Function],
  "queryByPlaceholderText": [Function],
  "queryByRole": [Function],
  "queryByTestId": [Function],
  "queryByText": [Function],
  "queryByTitle": [Function],
  "rerender": [Function],
  "unmount": [Function],
}
`;
