// Jest Snapshot v1, https://goo.gl/fbAQLP

exports[`Navbar Should render correctly snapshot 1`] = `
{
  "asFragment": [Function],
  "baseElement": <body>
    <div>
      <div
        class="css-1i050zc"
      >
        <a
          href="/home"
        >
          <div
            class="css-dtg2nl"
          >
            <svg
              fill="#8a8a8a"
              height="23"
              viewBox="0 0 23 23"
              width="23"
              xmlns="http://www.w3.org/2000/svg"
            >
              <path
                clip-rule="evenodd"
                d="M10.6868 2.63688C11.136 2.18777 11.8641 2.18777 12.3132 2.63688L20.3632 10.6869C20.6921 11.0158 20.7905 11.5104 20.6125 11.9401C20.4345 12.3699 20.0152 12.65 19.55 12.65H18.4V19.55C18.4 20.1852 17.8851 20.7 17.25 20.7H14.95C14.3149 20.7 13.8 20.1852 13.8 19.55V16.1C13.8 15.4649 13.2851 14.95 12.65 14.95H10.35C9.71489 14.95 9.20002 15.4649 9.20002 16.1V19.55C9.20002 20.1852 8.68515 20.7 8.05002 20.7H5.75002C5.11489 20.7 4.60002 20.1852 4.60002 19.55V12.65H3.45002C2.98489 12.65 2.56556 12.3699 2.38756 11.9401C2.20956 11.5104 2.30795 11.0158 2.63685 10.6869L10.6868 2.63688Z"
                fill="#8a8a8a"
                fill-rule="evenodd"
              />
            </svg>
            <p
              class="chakra-text css-0"
            >
              Home
            </p>
          </div>
        </a>
        <a
          href="/search"
        >
          <div
            class="css-dtg2nl"
          >
            <svg
              fill="#8a8a8a"
              height="23"
              viewBox="0 0 24 23"
              width="24"
              xmlns="http://www.w3.org/2000/svg"
            >
              <mask
                height="23"
                id="mask0_63_614"
                maskUnits="userSpaceOnUse"
                width="24"
                x="0"
                y="0"
              >
                <rect
                  fill="#D9D9D9"
                  height="23"
                  width="23"
                  x="0.5"
                />
              </mask>
              <g
                mask="url(#mask0_63_614)"
              >
                <path
                  d="M18.6125 19.4542L13.2458 14.0875C12.7667 14.4708 12.2156 14.7743 11.5927 14.9979C10.9698 15.2215 10.3069 15.3333 9.60417 15.3333C7.86319 15.3333 6.38992 14.7305 5.18433 13.525C3.97811 12.3187 3.375 10.8451 3.375 9.10417C3.375 7.36319 3.97811 5.8896 5.18433 4.68338C6.38992 3.47779 7.86319 2.875 9.60417 2.875C11.3451 2.875 12.8187 3.47779 14.025 4.68338C15.2305 5.8896 15.8333 7.36319 15.8333 9.10417C15.8333 9.80694 15.7215 10.4698 15.4979 11.0927C15.2743 11.7156 14.9708 12.2667 14.5875 12.7458L19.9781 18.1365C20.1538 18.3122 20.2417 18.5278 20.2417 18.7833C20.2417 19.0389 20.1458 19.2625 19.9542 19.4542C19.7785 19.6299 19.5549 19.7177 19.2833 19.7177C19.0118 19.7177 18.7882 19.6299 18.6125 19.4542ZM9.60417 13.4167C10.8021 13.4167 11.8205 12.9976 12.6593 12.1593C13.4976 11.3205 13.9167 10.3021 13.9167 9.10417C13.9167 7.90625 13.4976 6.88786 12.6593 6.049C11.8205 5.21078 10.8021 4.79167 9.60417 4.79167C8.40625 4.79167 7.38786 5.21078 6.549 6.049C5.71078 6.88786 5.29167 7.90625 5.29167 9.10417C5.29167 10.3021 5.71078 11.3205 6.549 12.1593C7.38786 12.9976 8.40625 13.4167 9.60417 13.4167Z"
                  fill="#8a8a8a"
                />
              </g>
            </svg>
            <p
              class="chakra-text css-0"
            >
              Search
            </p>
          </div>
        </a>
        <a
          href="/my-book-shelf"
        >
          <div
            class="css-dtg2nl"
          >
            <svg
              fill="#8a8a8a"
              height="21"
              viewBox="0 0 20 21"
              width="20"
              xmlns="http://www.w3.org/2000/svg"
            >
              <g
                clip-path="url(#clip0_63_617)"
              >
                <path
                  d="M20 16.3332C20 16.104 19.8125 15.9165 19.5833 15.9165H0.416667C0.1875 15.9165 0 16.104 0 16.3332V17.9998C0 18.229 0.1875 18.4165 0.416667 18.4165H1.99167C1.79167 18.6373 1.66667 18.929 1.66667 19.2498C1.66667 19.6165 1.82917 19.9498 2.08333 20.179C2.30417 20.379 2.6 20.4998 2.91667 20.4998C3.60417 20.4998 4.16667 19.9373 4.16667 19.2498C4.16667 18.929 4.04167 18.6373 3.84167 18.4165H16.1583C15.9583 18.6373 15.8333 18.929 15.8333 19.2498C15.8333 19.9373 16.3958 20.4998 17.0833 20.4998C17.4 20.4998 17.6958 20.379 17.9167 20.179C18.1708 19.9498 18.3333 19.6165 18.3333 19.2498C18.3333 18.929 18.2083 18.6373 18.0083 18.4165H19.5833C19.8125 18.4165 20 18.229 20 17.9998V16.3332ZM4.16667 12.1665H2.08333V15.0832H5.41667V7.1665H2.08333V9.24984H4.16667C4.39583 9.24984 4.58333 9.43734 4.58333 9.6665C4.58333 9.89567 4.39583 10.0832 4.16667 10.0832H2.08333V11.3332H4.16667C4.39583 11.3332 4.58333 11.5207 4.58333 11.7498C4.58333 11.979 4.39583 12.1665 4.16667 12.1665Z"
                  fill="#8a8a8a"
                />
                <path
                  d="M9.58333 1.75H6.25V4.25H9.58333V1.75Z"
                  fill="#8a8a8a"
                />
                <path
                  d="M9.58333 5.0835H6.25V5.91683H9.58333V5.0835Z"
                  fill="#8a8a8a"
                />
                <path
                  d="M13.75 17.1665H10.4167V17.9998H13.75V17.1665Z"
                  fill="#8a8a8a"
                />
                <path
                  d="M13.75 15.0833V5.91667H10.4167V15.0833H13.75ZM11.7875 6.87083C11.9417 6.71667 12.225 6.71667 12.3792 6.87083C12.4542 6.95 12.5 7.05833 12.5 7.16667C12.5 7.275 12.4542 7.38333 12.3792 7.4625C12.3 7.5375 12.1958 7.58333 12.0833 7.58333C11.975 7.58333 11.8667 7.5375 11.7875 7.4625C11.7125 7.38333 11.6667 7.275 11.6667 7.16667C11.6667 7.05417 11.7125 6.95 11.7875 6.87083ZM11.7875 8.5375C11.9417 8.38333 12.225 8.38333 12.3792 8.5375C12.4542 8.61667 12.5 8.725 12.5 8.83333C12.5 8.94167 12.4542 9.05 12.3792 9.12917C12.3583 9.14583 12.3375 9.1625 12.3167 9.17917C12.2917 9.19583 12.2667 9.20833 12.2417 9.21667C12.2167 9.22917 12.1917 9.2375 12.1667 9.24167C12.1375 9.24583 12.1125 9.25 12.0833 9.25C11.975 9.25 11.8667 9.20417 11.7875 9.12917C11.7125 9.05 11.6667 8.94583 11.6667 8.83333C11.6667 8.725 11.7125 8.61667 11.7875 8.5375ZM11.7875 10.2042C11.8875 10.1083 12.0292 10.0667 12.1667 10.0917C12.1917 10.0958 12.2167 10.1042 12.2417 10.1167C12.2667 10.125 12.2917 10.1375 12.3167 10.1542C12.3375 10.1667 12.3583 10.1875 12.3792 10.2042C12.4542 10.2833 12.5 10.3917 12.5 10.5C12.5 10.6083 12.4542 10.7167 12.3792 10.7958C12.3 10.8708 12.1958 10.9167 12.0833 10.9167C11.975 10.9167 11.8667 10.8708 11.7875 10.7958C11.75 10.7542 11.7208 10.7125 11.7 10.6583C11.6792 10.6083 11.6667 10.5542 11.6667 10.5C11.6667 10.3917 11.7125 10.2833 11.7875 10.2042ZM17.9167 18.4167V20.1792C17.6958 20.3792 17.4 20.5 17.0833 20.5C16.3958 20.5 15.8333 19.9375 15.8333 19.25C15.8333 18.9292 15.9583 18.6375 16.1583 18.4167H17.9167ZM17.9167 15.0833V14.25V5.5H15.8333C15.6042 5.5 15.4167 5.3125 15.4167 5.08333C15.4167 4.85417 15.6042 4.66667 15.8333 4.66667H17.9167V3.41667H15.8333C15.6042 3.41667 15.4167 3.22917 15.4167 3C15.4167 2.77083 15.6042 2.58333 15.8333 2.58333H17.9167V0.5H14.5833V15.0833H17.9167ZM6.25 6.75V15.0833H7.08333H7.5H8.33333H8.75H9.58333V6.75H6.25ZM7.53333 13.2583C7.55417 13.2042 7.58333 13.1625 7.62083 13.1208C7.6625 13.0833 7.70417 13.0542 7.75833 13.0333C7.83333 13 7.91667 12.9917 7.99583 13.0083C8.025 13.0125 8.05 13.0208 8.075 13.0333C8.1 13.0417 8.125 13.0542 8.14583 13.0708C8.17083 13.0833 8.19167 13.1042 8.2125 13.1208C8.2875 13.2 8.33333 13.3083 8.33333 13.4167C8.33333 13.4417 8.32917 13.4708 8.325 13.5C8.32083 13.525 8.3125 13.55 8.3 13.575C8.29167 13.6 8.27917 13.625 8.2625 13.65C8.24583 13.6708 8.22917 13.6917 8.2125 13.7125C8.19167 13.7292 8.17083 13.7458 8.14583 13.7625C8.125 13.7792 8.1 13.7917 8.075 13.8C8.05 13.8125 8.025 13.8208 7.99583 13.825C7.97083 13.8292 7.94167 13.8333 7.91667 13.8333C7.80833 13.8333 7.7 13.7875 7.62083 13.7125C7.54583 13.6333 7.5 13.5292 7.5 13.4167C7.5 13.3625 7.5125 13.3083 7.53333 13.2583Z"
                  fill="#8a8a8a"
                />
              </g>
              <defs>
                <clippath
                  id="clip0_63_617"
                >
                  <rect
                    fill="white"
                    height="20"
                    transform="translate(0 0.5)"
                    width="20"
                  />
                </clippath>
              </defs>
            </svg>
            <p
              class="chakra-text css-0"
            >
              My Shelf
            </p>
          </div>
        </a>
        <a
          href="/contribute"
        >
          <div
            class="css-dtg2nl"
          >
            <svg
              fill="#8a8a8a"
              height="21"
              viewBox="0 0 22 21"
              width="22"
              xmlns="http://www.w3.org/2000/svg"
            >
              <g
                clip-path="url(#clip0_75_3235)"
              >
                <path
                  d="M3.86656 12.1897H0.637812C0.565625 12.1897 0.5 12.2488 0.5 12.3275V18.831C0.5 18.9064 0.565625 18.9688 0.637812 18.9688H3.86328C3.94203 18.9688 4.00109 18.9031 4.00109 18.831V12.3275C4.00191 12.3095 3.99901 12.2915 3.99258 12.2746C3.98615 12.2577 3.97632 12.2424 3.96371 12.2294C3.9511 12.2165 3.93597 12.2063 3.91926 12.1995C3.90255 12.1927 3.88461 12.1893 3.86656 12.1897ZM2.61641 18.3585C2.30469 18.3585 2.04875 18.1025 2.04875 17.7908C2.04875 17.4758 2.30469 17.2199 2.61641 17.2199C2.93141 17.2199 3.18734 17.4758 3.18734 17.7908C3.18734 18.1025 2.93141 18.3585 2.61641 18.3585ZM20.6305 14.8442L15.4625 16.5472C15.2623 16.731 14.9998 16.836 14.7308 16.836H9.34953C9.30471 16.836 9.26173 16.8182 9.23004 16.7865C9.19835 16.7548 9.18055 16.7118 9.18055 16.667C9.18055 16.6222 9.19835 16.5792 9.23004 16.5475C9.26173 16.5158 9.30471 16.498 9.34953 16.498H14.7308C14.9178 16.498 15.0983 16.4258 15.2361 16.3011C15.2459 16.288 15.2591 16.2781 15.2722 16.265C15.4002 16.1305 15.4723 15.9467 15.4723 15.7531C15.4723 15.343 15.1409 15.0083 14.7308 15.0083H11.0164C10.918 15.0083 10.8327 14.9722 10.7638 14.8967C9.1625 13.0789 6.22906 12.8033 4.62125 12.8033C4.52281 12.8033 4.42766 12.8066 4.33906 12.8066V18.1025L9.27734 19.7858C10.4455 20.1828 11.6956 20.2878 12.9261 20.068C13.7088 19.9316 14.4644 19.6701 15.1639 19.2936L21.1555 16.0386C21.3687 15.9238 21.4967 15.7039 21.4967 15.4644C21.4967 15.366 21.477 15.2741 21.4311 15.1855C21.3636 15.0395 21.2444 14.9238 21.0965 14.8608C20.9485 14.7977 20.7825 14.7918 20.6305 14.8442ZM9.22484 3.69127L9.20187 5.28924C9.20187 5.30564 9.21172 5.31549 9.22484 5.31549H21.4803C21.4902 5.31549 21.5 5.30564 21.5 5.28924V3.71096L9.22484 3.69127ZM14.4388 12.9083V5.64689H9.80562V12.7377C9.80562 12.8328 9.88109 12.9116 9.97625 12.9116H14.4388V12.9083ZM20.8995 12.7377V5.64689H16.2631V12.9083H20.7289C20.8208 12.9083 20.8995 12.8295 20.8995 12.7377ZM14.7734 5.64689H15.9317V12.9083H14.7734V5.64689ZM13.4511 3.3008L14.2222 3.55674H16.3452L17.1195 3.3008C17.326 3.2332 17.5116 3.1134 17.6582 2.95301C17.8048 2.79262 17.9075 2.59707 17.9563 2.38533C18.0613 1.95549 17.9333 1.50924 17.6183 1.19096C17.3787 0.948145 17.0605 0.816895 16.7225 0.816895C16.6208 0.816895 16.5223 0.830019 16.4239 0.852988C16.2122 0.901846 16.0167 1.00454 15.8563 1.15113C15.6959 1.29771 15.5761 1.48323 15.5084 1.68971L15.2886 2.3558L15.0655 1.68971C14.9178 1.26643 14.5766 0.951426 14.1434 0.852988C13.9321 0.80137 13.711 0.80537 13.5017 0.864599C13.2924 0.923828 13.102 1.03627 12.9491 1.19096C12.6341 1.50596 12.5061 1.95221 12.6078 2.38533C12.6586 2.59721 12.7627 2.79257 12.9103 2.95282C13.0579 3.11307 13.2441 3.23286 13.4511 3.3008ZM16.2041 1.92268C16.2631 1.74549 16.4075 1.61424 16.588 1.57158C16.6306 1.56174 16.6733 1.55518 16.7127 1.55518C16.8538 1.55518 16.9883 1.61096 17.0867 1.71268C17.218 1.84064 17.2738 2.03096 17.2311 2.21143C17.1852 2.39518 17.0539 2.53955 16.8767 2.59861L15.8595 2.93658L16.2041 1.92268ZM13.4708 1.71596C13.5725 1.61424 13.707 1.55846 13.8481 1.55846C13.8908 1.55846 13.9334 1.56502 13.9761 1.57486C14.1566 1.61752 14.3009 1.74877 14.36 1.92596L14.698 2.94314L13.6808 2.60518C13.5036 2.54611 13.3723 2.40174 13.3264 2.22127C13.287 2.03424 13.3395 1.84721 13.4708 1.71596Z"
                  fill="#8a8a8a"
                />
              </g>
              <defs>
                <clippath
                  id="clip0_75_3235"
                >
                  <rect
                    fill="white"
                    height="21"
                    transform="translate(0.5)"
                    width="21"
                  />
                </clippath>
              </defs>
            </svg>
            <p
              class="chakra-text css-0"
            >
              Contribute
            </p>
          </div>
        </a>
      </div>
    </div>
  </body>,
  "container": <div>
    <div
      class="css-1i050zc"
    >
      <a
        href="/home"
      >
        <div
          class="css-dtg2nl"
        >
          <svg
            fill="#8a8a8a"
            height="23"
            viewBox="0 0 23 23"
            width="23"
            xmlns="http://www.w3.org/2000/svg"
          >
            <path
              clip-rule="evenodd"
              d="M10.6868 2.63688C11.136 2.18777 11.8641 2.18777 12.3132 2.63688L20.3632 10.6869C20.6921 11.0158 20.7905 11.5104 20.6125 11.9401C20.4345 12.3699 20.0152 12.65 19.55 12.65H18.4V19.55C18.4 20.1852 17.8851 20.7 17.25 20.7H14.95C14.3149 20.7 13.8 20.1852 13.8 19.55V16.1C13.8 15.4649 13.2851 14.95 12.65 14.95H10.35C9.71489 14.95 9.20002 15.4649 9.20002 16.1V19.55C9.20002 20.1852 8.68515 20.7 8.05002 20.7H5.75002C5.11489 20.7 4.60002 20.1852 4.60002 19.55V12.65H3.45002C2.98489 12.65 2.56556 12.3699 2.38756 11.9401C2.20956 11.5104 2.30795 11.0158 2.63685 10.6869L10.6868 2.63688Z"
              fill="#8a8a8a"
              fill-rule="evenodd"
            />
          </svg>
          <p
            class="chakra-text css-0"
          >
            Home
          </p>
        </div>
      </a>
      <a
        href="/search"
      >
        <div
          class="css-dtg2nl"
        >
          <svg
            fill="#8a8a8a"
            height="23"
            viewBox="0 0 24 23"
            width="24"
            xmlns="http://www.w3.org/2000/svg"
          >
            <mask
              height="23"
              id="mask0_63_614"
              maskUnits="userSpaceOnUse"
              width="24"
              x="0"
              y="0"
            >
              <rect
                fill="#D9D9D9"
                height="23"
                width="23"
                x="0.5"
              />
            </mask>
            <g
              mask="url(#mask0_63_614)"
            >
              <path
                d="M18.6125 19.4542L13.2458 14.0875C12.7667 14.4708 12.2156 14.7743 11.5927 14.9979C10.9698 15.2215 10.3069 15.3333 9.60417 15.3333C7.86319 15.3333 6.38992 14.7305 5.18433 13.525C3.97811 12.3187 3.375 10.8451 3.375 9.10417C3.375 7.36319 3.97811 5.8896 5.18433 4.68338C6.38992 3.47779 7.86319 2.875 9.60417 2.875C11.3451 2.875 12.8187 3.47779 14.025 4.68338C15.2305 5.8896 15.8333 7.36319 15.8333 9.10417C15.8333 9.80694 15.7215 10.4698 15.4979 11.0927C15.2743 11.7156 14.9708 12.2667 14.5875 12.7458L19.9781 18.1365C20.1538 18.3122 20.2417 18.5278 20.2417 18.7833C20.2417 19.0389 20.1458 19.2625 19.9542 19.4542C19.7785 19.6299 19.5549 19.7177 19.2833 19.7177C19.0118 19.7177 18.7882 19.6299 18.6125 19.4542ZM9.60417 13.4167C10.8021 13.4167 11.8205 12.9976 12.6593 12.1593C13.4976 11.3205 13.9167 10.3021 13.9167 9.10417C13.9167 7.90625 13.4976 6.88786 12.6593 6.049C11.8205 5.21078 10.8021 4.79167 9.60417 4.79167C8.40625 4.79167 7.38786 5.21078 6.549 6.049C5.71078 6.88786 5.29167 7.90625 5.29167 9.10417C5.29167 10.3021 5.71078 11.3205 6.549 12.1593C7.38786 12.9976 8.40625 13.4167 9.60417 13.4167Z"
                fill="#8a8a8a"
              />
            </g>
          </svg>
          <p
            class="chakra-text css-0"
          >
            Search
          </p>
        </div>
      </a>
      <a
        href="/my-book-shelf"
      >
        <div
          class="css-dtg2nl"
        >
          <svg
            fill="#8a8a8a"
            height="21"
            viewBox="0 0 20 21"
            width="20"
            xmlns="http://www.w3.org/2000/svg"
          >
            <g
              clip-path="url(#clip0_63_617)"
            >
              <path
                d="M20 16.3332C20 16.104 19.8125 15.9165 19.5833 15.9165H0.416667C0.1875 15.9165 0 16.104 0 16.3332V17.9998C0 18.229 0.1875 18.4165 0.416667 18.4165H1.99167C1.79167 18.6373 1.66667 18.929 1.66667 19.2498C1.66667 19.6165 1.82917 19.9498 2.08333 20.179C2.30417 20.379 2.6 20.4998 2.91667 20.4998C3.60417 20.4998 4.16667 19.9373 4.16667 19.2498C4.16667 18.929 4.04167 18.6373 3.84167 18.4165H16.1583C15.9583 18.6373 15.8333 18.929 15.8333 19.2498C15.8333 19.9373 16.3958 20.4998 17.0833 20.4998C17.4 20.4998 17.6958 20.379 17.9167 20.179C18.1708 19.9498 18.3333 19.6165 18.3333 19.2498C18.3333 18.929 18.2083 18.6373 18.0083 18.4165H19.5833C19.8125 18.4165 20 18.229 20 17.9998V16.3332ZM4.16667 12.1665H2.08333V15.0832H5.41667V7.1665H2.08333V9.24984H4.16667C4.39583 9.24984 4.58333 9.43734 4.58333 9.6665C4.58333 9.89567 4.39583 10.0832 4.16667 10.0832H2.08333V11.3332H4.16667C4.39583 11.3332 4.58333 11.5207 4.58333 11.7498C4.58333 11.979 4.39583 12.1665 4.16667 12.1665Z"
                fill="#8a8a8a"
              />
              <path
                d="M9.58333 1.75H6.25V4.25H9.58333V1.75Z"
                fill="#8a8a8a"
              />
              <path
                d="M9.58333 5.0835H6.25V5.91683H9.58333V5.0835Z"
                fill="#8a8a8a"
              />
              <path
                d="M13.75 17.1665H10.4167V17.9998H13.75V17.1665Z"
                fill="#8a8a8a"
              />
              <path
                d="M13.75 15.0833V5.91667H10.4167V15.0833H13.75ZM11.7875 6.87083C11.9417 6.71667 12.225 6.71667 12.3792 6.87083C12.4542 6.95 12.5 7.05833 12.5 7.16667C12.5 7.275 12.4542 7.38333 12.3792 7.4625C12.3 7.5375 12.1958 7.58333 12.0833 7.58333C11.975 7.58333 11.8667 7.5375 11.7875 7.4625C11.7125 7.38333 11.6667 7.275 11.6667 7.16667C11.6667 7.05417 11.7125 6.95 11.7875 6.87083ZM11.7875 8.5375C11.9417 8.38333 12.225 8.38333 12.3792 8.5375C12.4542 8.61667 12.5 8.725 12.5 8.83333C12.5 8.94167 12.4542 9.05 12.3792 9.12917C12.3583 9.14583 12.3375 9.1625 12.3167 9.17917C12.2917 9.19583 12.2667 9.20833 12.2417 9.21667C12.2167 9.22917 12.1917 9.2375 12.1667 9.24167C12.1375 9.24583 12.1125 9.25 12.0833 9.25C11.975 9.25 11.8667 9.20417 11.7875 9.12917C11.7125 9.05 11.6667 8.94583 11.6667 8.83333C11.6667 8.725 11.7125 8.61667 11.7875 8.5375ZM11.7875 10.2042C11.8875 10.1083 12.0292 10.0667 12.1667 10.0917C12.1917 10.0958 12.2167 10.1042 12.2417 10.1167C12.2667 10.125 12.2917 10.1375 12.3167 10.1542C12.3375 10.1667 12.3583 10.1875 12.3792 10.2042C12.4542 10.2833 12.5 10.3917 12.5 10.5C12.5 10.6083 12.4542 10.7167 12.3792 10.7958C12.3 10.8708 12.1958 10.9167 12.0833 10.9167C11.975 10.9167 11.8667 10.8708 11.7875 10.7958C11.75 10.7542 11.7208 10.7125 11.7 10.6583C11.6792 10.6083 11.6667 10.5542 11.6667 10.5C11.6667 10.3917 11.7125 10.2833 11.7875 10.2042ZM17.9167 18.4167V20.1792C17.6958 20.3792 17.4 20.5 17.0833 20.5C16.3958 20.5 15.8333 19.9375 15.8333 19.25C15.8333 18.9292 15.9583 18.6375 16.1583 18.4167H17.9167ZM17.9167 15.0833V14.25V5.5H15.8333C15.6042 5.5 15.4167 5.3125 15.4167 5.08333C15.4167 4.85417 15.6042 4.66667 15.8333 4.66667H17.9167V3.41667H15.8333C15.6042 3.41667 15.4167 3.22917 15.4167 3C15.4167 2.77083 15.6042 2.58333 15.8333 2.58333H17.9167V0.5H14.5833V15.0833H17.9167ZM6.25 6.75V15.0833H7.08333H7.5H8.33333H8.75H9.58333V6.75H6.25ZM7.53333 13.2583C7.55417 13.2042 7.58333 13.1625 7.62083 13.1208C7.6625 13.0833 7.70417 13.0542 7.75833 13.0333C7.83333 13 7.91667 12.9917 7.99583 13.0083C8.025 13.0125 8.05 13.0208 8.075 13.0333C8.1 13.0417 8.125 13.0542 8.14583 13.0708C8.17083 13.0833 8.19167 13.1042 8.2125 13.1208C8.2875 13.2 8.33333 13.3083 8.33333 13.4167C8.33333 13.4417 8.32917 13.4708 8.325 13.5C8.32083 13.525 8.3125 13.55 8.3 13.575C8.29167 13.6 8.27917 13.625 8.2625 13.65C8.24583 13.6708 8.22917 13.6917 8.2125 13.7125C8.19167 13.7292 8.17083 13.7458 8.14583 13.7625C8.125 13.7792 8.1 13.7917 8.075 13.8C8.05 13.8125 8.025 13.8208 7.99583 13.825C7.97083 13.8292 7.94167 13.8333 7.91667 13.8333C7.80833 13.8333 7.7 13.7875 7.62083 13.7125C7.54583 13.6333 7.5 13.5292 7.5 13.4167C7.5 13.3625 7.5125 13.3083 7.53333 13.2583Z"
                fill="#8a8a8a"
              />
            </g>
            <defs>
              <clippath
                id="clip0_63_617"
              >
                <rect
                  fill="white"
                  height="20"
                  transform="translate(0 0.5)"
                  width="20"
                />
              </clippath>
            </defs>
          </svg>
          <p
            class="chakra-text css-0"
          >
            My Shelf
          </p>
        </div>
      </a>
      <a
        href="/contribute"
      >
        <div
          class="css-dtg2nl"
        >
          <svg
            fill="#8a8a8a"
            height="21"
            viewBox="0 0 22 21"
            width="22"
            xmlns="http://www.w3.org/2000/svg"
          >
            <g
              clip-path="url(#clip0_75_3235)"
            >
              <path
                d="M3.86656 12.1897H0.637812C0.565625 12.1897 0.5 12.2488 0.5 12.3275V18.831C0.5 18.9064 0.565625 18.9688 0.637812 18.9688H3.86328C3.94203 18.9688 4.00109 18.9031 4.00109 18.831V12.3275C4.00191 12.3095 3.99901 12.2915 3.99258 12.2746C3.98615 12.2577 3.97632 12.2424 3.96371 12.2294C3.9511 12.2165 3.93597 12.2063 3.91926 12.1995C3.90255 12.1927 3.88461 12.1893 3.86656 12.1897ZM2.61641 18.3585C2.30469 18.3585 2.04875 18.1025 2.04875 17.7908C2.04875 17.4758 2.30469 17.2199 2.61641 17.2199C2.93141 17.2199 3.18734 17.4758 3.18734 17.7908C3.18734 18.1025 2.93141 18.3585 2.61641 18.3585ZM20.6305 14.8442L15.4625 16.5472C15.2623 16.731 14.9998 16.836 14.7308 16.836H9.34953C9.30471 16.836 9.26173 16.8182 9.23004 16.7865C9.19835 16.7548 9.18055 16.7118 9.18055 16.667C9.18055 16.6222 9.19835 16.5792 9.23004 16.5475C9.26173 16.5158 9.30471 16.498 9.34953 16.498H14.7308C14.9178 16.498 15.0983 16.4258 15.2361 16.3011C15.2459 16.288 15.2591 16.2781 15.2722 16.265C15.4002 16.1305 15.4723 15.9467 15.4723 15.7531C15.4723 15.343 15.1409 15.0083 14.7308 15.0083H11.0164C10.918 15.0083 10.8327 14.9722 10.7638 14.8967C9.1625 13.0789 6.22906 12.8033 4.62125 12.8033C4.52281 12.8033 4.42766 12.8066 4.33906 12.8066V18.1025L9.27734 19.7858C10.4455 20.1828 11.6956 20.2878 12.9261 20.068C13.7088 19.9316 14.4644 19.6701 15.1639 19.2936L21.1555 16.0386C21.3687 15.9238 21.4967 15.7039 21.4967 15.4644C21.4967 15.366 21.477 15.2741 21.4311 15.1855C21.3636 15.0395 21.2444 14.9238 21.0965 14.8608C20.9485 14.7977 20.7825 14.7918 20.6305 14.8442ZM9.22484 3.69127L9.20187 5.28924C9.20187 5.30564 9.21172 5.31549 9.22484 5.31549H21.4803C21.4902 5.31549 21.5 5.30564 21.5 5.28924V3.71096L9.22484 3.69127ZM14.4388 12.9083V5.64689H9.80562V12.7377C9.80562 12.8328 9.88109 12.9116 9.97625 12.9116H14.4388V12.9083ZM20.8995 12.7377V5.64689H16.2631V12.9083H20.7289C20.8208 12.9083 20.8995 12.8295 20.8995 12.7377ZM14.7734 5.64689H15.9317V12.9083H14.7734V5.64689ZM13.4511 3.3008L14.2222 3.55674H16.3452L17.1195 3.3008C17.326 3.2332 17.5116 3.1134 17.6582 2.95301C17.8048 2.79262 17.9075 2.59707 17.9563 2.38533C18.0613 1.95549 17.9333 1.50924 17.6183 1.19096C17.3787 0.948145 17.0605 0.816895 16.7225 0.816895C16.6208 0.816895 16.5223 0.830019 16.4239 0.852988C16.2122 0.901846 16.0167 1.00454 15.8563 1.15113C15.6959 1.29771 15.5761 1.48323 15.5084 1.68971L15.2886 2.3558L15.0655 1.68971C14.9178 1.26643 14.5766 0.951426 14.1434 0.852988C13.9321 0.80137 13.711 0.80537 13.5017 0.864599C13.2924 0.923828 13.102 1.03627 12.9491 1.19096C12.6341 1.50596 12.5061 1.95221 12.6078 2.38533C12.6586 2.59721 12.7627 2.79257 12.9103 2.95282C13.0579 3.11307 13.2441 3.23286 13.4511 3.3008ZM16.2041 1.92268C16.2631 1.74549 16.4075 1.61424 16.588 1.57158C16.6306 1.56174 16.6733 1.55518 16.7127 1.55518C16.8538 1.55518 16.9883 1.61096 17.0867 1.71268C17.218 1.84064 17.2738 2.03096 17.2311 2.21143C17.1852 2.39518 17.0539 2.53955 16.8767 2.59861L15.8595 2.93658L16.2041 1.92268ZM13.4708 1.71596C13.5725 1.61424 13.707 1.55846 13.8481 1.55846C13.8908 1.55846 13.9334 1.56502 13.9761 1.57486C14.1566 1.61752 14.3009 1.74877 14.36 1.92596L14.698 2.94314L13.6808 2.60518C13.5036 2.54611 13.3723 2.40174 13.3264 2.22127C13.287 2.03424 13.3395 1.84721 13.4708 1.71596Z"
                fill="#8a8a8a"
              />
            </g>
            <defs>
              <clippath
                id="clip0_75_3235"
              >
                <rect
                  fill="white"
                  height="21"
                  transform="translate(0.5)"
                  width="21"
                />
              </clippath>
            </defs>
          </svg>
          <p
            class="chakra-text css-0"
          >
            Contribute
          </p>
        </div>
      </a>
    </div>
  </div>,
  "debug": [Function],
  "findAllByAltText": [Function],
  "findAllByDisplayValue": [Function],
  "findAllByLabelText": [Function],
  "findAllByPlaceholderText": [Function],
  "findAllByRole": [Function],
  "findAllByTestId": [Function],
  "findAllByText": [Function],
  "findAllByTitle": [Function],
  "findByAltText": [Function],
  "findByDisplayValue": [Function],
  "findByLabelText": [Function],
  "findByPlaceholderText": [Function],
  "findByRole": [Function],
  "findByTestId": [Function],
  "findByText": [Function],
  "findByTitle": [Function],
  "getAllByAltText": [Function],
  "getAllByDisplayValue": [Function],
  "getAllByLabelText": [Function],
  "getAllByPlaceholderText": [Function],
  "getAllByRole": [Function],
  "getAllByTestId": [Function],
  "getAllByText": [Function],
  "getAllByTitle": [Function],
  "getByAltText": [Function],
  "getByDisplayValue": [Function],
  "getByLabelText": [Function],
  "getByPlaceholderText": [Function],
  "getByRole": [Function],
  "getByTestId": [Function],
  "getByText": [Function],
  "getByTitle": [Function],
  "queryAllByAltText": [Function],
  "queryAllByDisplayValue": [Function],
  "queryAllByLabelText": [Function],
  "queryAllByPlaceholderText": [Function],
  "queryAllByRole": [Function],
  "queryAllByTestId": [Function],
  "queryAllByText": [Function],
  "queryAllByTitle": [Function],
  "queryByAltText": [Function],
  "queryByDisplayValue": [Function],
  "queryByLabelText": [Function],
  "queryByPlaceholderText": [Function],
  "queryByRole": [Function],
  "queryByTestId": [Function],
  "queryByText": [Function],
  "queryByTitle": [Function],
  "rerender": [Function],
  "unmount": [Function],
}
`;
