// Jest Snapshot v1, https://goo.gl/fbAQLP

exports[`My Book Shelf Favorites Should handle getAllBook error 1`] = `<div />`;

exports[`My Book Shelf Favorites Should render correctly snapshot 1`] = `<div />`;
