// Jest Snapshot v1, https://goo.gl/fbAQLP

exports[`My Book Shelf Favorites Search Should handle fetch data failed 1`] = `<DocumentFragment />`;

exports[`My Book Shelf Favorites Search Should render correctly snapshot 1`] = `<DocumentFragment />`;
