// Jest Snapshot v1, https://goo.gl/fbAQLP

exports[`HomePage Should render correctly snapshot 1`] = `<div />`;
