// Jest Snapshot v1, https://goo.gl/fbAQLP

exports[`Home Search Params should render correctly and match snapshot 1`] = `<div />`;
